
> unimonday-web@0.1.0 dev
> next dev

   ▲ Next.js 15.5.15
   - Local:        http://localhost:3000
   - Network:      http://192.168.0.2:3000

 ✓ Starting...
 ✓ Ready in 3.5s
<w> [webpack.cache.PackFileCacheStrategy/webpack.FileSystemInfo] Parsing of /app/unimonday-web/node_modules/next-intl/dist/esm/production/extractor/format/index.js for build dependencies failed at 'import(t)'.
<w> Build dependencies behind this expression are ignored and might cause incorrect cache invalidation.
 ○ Compiling / ...
<w> [webpack.cache.PackFileCacheStrategy/webpack.FileSystemInfo] Parsing of /app/unimonday-web/node_modules/next-intl/dist/esm/production/extractor/format/index.js for build dependencies failed at 'import(t)'.
<w> Build dependencies behind this expression are ignored and might cause incorrect cache invalidation.
 ✓ Compiled / in 12.5s (1600 modules)
 GET / 200 in 15777ms
 ○ Compiling /study ...
 ✓ Compiled /study in 1212ms (1608 modules)
 GET /study 200 in 2002ms
 GET / 200 in 223ms
 GET /study 200 in 182ms
 GET / 200 in 236ms
 GET /study 200 in 183ms
 ✓ Compiled in 674ms (704 modules)
 ✓ Compiled in 1155ms (1608 modules)
 ✓ Compiled in 7.6s (1610 modules)
 ✓ Compiled in 1130ms (1610 modules)
 ✓ Compiled in 1047ms (1596 modules)
 ✓ Compiled in 3.9s (1610 modules)
 GET / 200 in 957ms
 GET /study 200 in 212ms
 ○ Compiling /library ...
 ✓ Compiled /library in 826ms (1609 modules)
 GET /library 200 in 1319ms
 ✓ Compiled /progress in 475ms (1614 modules)
 GET /progress 200 in 858ms
 ✓ Compiled in 2.6s (1611 modules)
 ✓ Compiled in 6.8s (1613 modules)
 GET / 200 in 1474ms
